Lorem ipsum dolor sit amet, consectetur adipiscing elit. Quisque efficitur pretium dolor, ac elementum ex convallis in. Suspendisse a massa purus. Sed ex ante, sodales vel nisl quis, venenatis congue mauris. Vestibulum dignissim vel dolor non dignissim. Phasellus non malesuada neque. Ut accumsan faucibus felis ut vestibulum. Class aptent taciti sociosqu ad litora torquent per conubia nostra, per inceptos himenaeos. Cras et nisl facilisis, ultricies ante ut, suscipit metus. Suspendisse ultrices volutpat orci. Morbi consequat nulla non lorem pharetra volutpat. Mauris auctor quam lorem, in volutpat libero molestie a. Maecenas a euismod sem, sed lobortis ex.

Donec varius metus et elit laoreet, id volutpat mi tempus. Nam lacinia imperdiet lorem, ut imperdiet est facilisis a. Mauris ultricies dictum magna, et facilisis sapien ultrices eu. Donec nec nibh nisi. Praesent maximus nulla et condimentum efficitur. Class aptent taciti sociosqu ad litora torquent per conubia nostra, per inceptos himenaeos. In sit amet tincidunt lectus. In fringilla scelerisque odio id auctor. Nunc nunc diam, lacinia id felis vitae, tempor finibus mauris. Proin est risus, fringilla ut urna a, egestas euismod dolor. Curabitur iaculis purus non velit laoreet, a pellentesque enim sagittis. Suspendisse potenti. Proin at nulla ligula. Quisque ut justo egestas, dictum sapien sed, elementum est. Donec et ultrices leo, sit amet fringilla enim.

Nunc a tortor accumsan risus consequat molestie in vel quam. Etiam aliquam in velit condimentum bibendum. Praesent viverra ligula quam. Sed sit amet ipsum id lorem faucibus lacinia. Proin tincidunt consequat justo, quis iaculis nisl cursus sed. Suspendisse pharetra quam euismod sem luctus pretium. Pellentesque consequat sed elit pellentesque semper. Nullam nec pellentesque elit. Aliquam vel dictum lorem. Praesent quis quam eu lacus pulvinar tristique a et ligula. Interdum et malesuada fames ac ante ipsum primis in faucibus. Nullam sagittis eget sem at fringilla. Nullam vitae sem id urna tempus dapibus sed non ex. Duis consectetur mi quis ante convallis, non iaculis erat pharetra. Proin ligula dolor, egestas eu ligula quis, aliquet ornare lacus. Fusce accumsan nibh at diam fringilla tempus.

Aliquam fermentum bibendum erat vitae pharetra. Aenean elementum vulputate tortor. Mauris non ex sit amet nisi semper interdum. Nam accumsan pharetra arcu ac mollis. Nulla viverra, ante id convallis elementum, ipsum purus cursus sapien, sed rutrum lacus lectus et ipsum. Ut auctor metus magna, ultricies pellentesque leo lacinia ut. Vestibulum sed rhoncus lacus.

Nunc posuere mauris vel eros vestibulum, scelerisque bibendum eros imperdiet. Etiam viverra arcu sit amet lacinia rhoncus. Nulla ut pulvinar ante. Etiam vestibulum turpis sed dui bibendum viverra. Nullam a sodales lorem. Vivamus at diam arcu. Morbi at magna massa. Donec aliquam tortor enim, at venenatis odio tristique vel. Sed quis est ut metus tempus faucibus. Cras mollis luctus sapien, nec eleifend purus porta eu. Suspendisse tempor hendrerit consectetur. Pellentesque id elementum lacus.