prefix.delta-with-tags:2|c|#basetag1:abc,basetag2:xyz,tag1:1,tag2:2
prefix.delta:1|c|#basetag1:abc,basetag2:xyz
prefix.duration-with-tags:4.000000|ms|#basetag1:abc,basetag2:xyz,tag2:2,tag3:3
prefix.duration:3.000000|ms|#basetag1:abc,basetag2:xyz
prefix.gauge-with-tags:6|g|#basetag1:abc,basetag2:xyz,tag3:3,tag4:4
prefix.gauge:5|g|#basetag1:abc,basetag2:xyz
prefix.histogram-with-tags:12|h|#basetag1:abc,basetag2:xyz,tag4:4,tag5:5
prefix.histogram-with-tags:13|h|#basetag1:abc,basetag2:xyz,tag4:4,tag5:5
prefix.histogram-with-tags:14|h|#basetag1:abc,basetag2:xyz,tag4:4,tag5:5
prefix.histogram-with-tags:15|h|#basetag1:abc,basetag2:xyz,tag4:4,tag5:5
prefix.histogram-with-tags:16|h|#basetag1:abc,basetag2:xyz,tag4:4,tag5:5
prefix.histogram:10|h|#basetag1:abc,basetag2:xyz
prefix.histogram:11|h|#basetag1:abc,basetag2:xyz
prefix.histogram:7|h|#basetag1:abc,basetag2:xyz
prefix.histogram:8|h|#basetag1:abc,basetag2:xyz
prefix.histogram:9|h|#basetag1:abc,basetag2:xyz
prefix.raw-count-with-tags:18|c|#basetag1:abc,basetag2:xyz,tag5:5,tag6:6
prefix.raw-count:17|c|#basetag1:abc,basetag2:xyz
