delta|name=filter.delta_counter|value=9
delta|name=input.delta_counter|value=1
delta|name=output.delta_counter|value=14
delta|name=upload.delta_counter|value=9
duration|name=filter.timings|value=10m0s
duration|name=filter.timings|value=10m0s
duration|name=filter.timings|value=10m0s
duration|name=filter.timings|value=1h40m0s
duration|name=filter.timings|value=1h40m0s
duration|name=filter.timings|value=1h40m0s
duration|name=filter.timings|value=1m0s
duration|name=filter.timings|value=1m0s
duration|name=filter.timings|value=1m0s
duration|name=input.timings|value=10s
duration|name=input.timings|value=1m40s
duration|name=input.timings|value=1s
duration|name=output.timings|value=100h0m0s
duration|name=output.timings|value=100h0m0s
duration|name=output.timings|value=10h0m0s
duration|name=output.timings|value=10h0m0s
duration|name=output.timings|value=1h0m0s
duration|name=output.timings|value=1h0m0s
duration|name=upload.timings|value=100µs
duration|name=upload.timings|value=10µs
duration|name=upload.timings|value=1µs
gauge|name=filter.gauge|value=6.283185307179586
gauge|name=input.gauge|value=3.141592653589793
gauge|name=output.gauge|value=9.42477796076938
gauge|name=upload.gauge|value=12.566370614359172
hist|name=filter.hist|value=4
hist|name=filter.hist|value=4
hist|name=filter.hist|value=4
hist|name=filter.hist|value=5
hist|name=filter.hist|value=5
hist|name=filter.hist|value=5
hist|name=filter.hist|value=6
hist|name=filter.hist|value=6
hist|name=filter.hist|value=6
hist|name=filter.hist|value=7
hist|name=filter.hist|value=7
hist|name=filter.hist|value=7
hist|name=input.hist|value=1
hist|name=input.hist|value=2
hist|name=input.hist|value=3
hist|name=output.hist|value=10
hist|name=output.hist|value=10
hist|name=output.hist|value=11
hist|name=output.hist|value=11
hist|name=output.hist|value=8
hist|name=output.hist|value=8
hist|name=output.hist|value=9
hist|name=output.hist|value=9
hist|name=upload.hist|value=10
hist|name=upload.hist|value=11
hist|name=upload.hist|value=8
hist|name=upload.hist|value=9
rawcount|name=error_lines|value=14
rawcount|name=filter.raw_count|value=12
rawcount|name=input.raw_count|value=10
rawcount|name=output.raw_count|value=6
rawcount|name=processed_lines|value=106
rawcount|name=upload.raw_count|value=12
rawcount|name=upload_errors|value=3
rawcount|name=uploads|value=17